


ARM Macro Assembler    Page 1 


    1 00000000                 AREA             Lab_02_Tyler_Hu, CODE, READONLY
    2 00000000                 EXPORT           __main
    3 00000000         
    4 00000000         __main
    5 00000000         
    6 00000000 F04F 0001       MOV              R0, #1
    7 00000004 F04F 0102       MOV              R1, #2
    8 00000008         
    9 00000008 EB01 0201       ADD              R2, R1, R1
   10 0000000C         
   11 0000000C EBA2 0300       SUB              R3, R2, R0
   12 00000010         
   13 00000010 F101 0404       ADD              R4, R1, #4
   14 00000014         
   15 00000014 EB00 0601       ADD              R6, R0, R1
   16 00000018 4416            ADD              R6, R6, R2
   17 0000001A 441E            ADD              R6, R6, R3
   18 0000001C 4426            ADD              R6, R6, R4
   19 0000001E         
   20 0000001E F1C6 0514       RSB              R5, R6, #20
   21 00000022         
   22 00000022                 END
Command Line: --debug --xref --diag_suppress=9931 --cpu=Cortex-M3 --apcs=interw
ork --depend=.\objects\assembly.d -o.\objects\assembly.o -I.\RTE\_Target_1 -IC:
\Users\Tyler\AppData\Local\Arm\Packs\ARM\CMSIS\5.6.0\CMSIS\Core\Include -IC:\Us
ers\Tyler\AppData\Local\Arm\Packs\ARM\CMSIS\5.6.0\Device\ARM\ARMCM3\Include --p
redefine="__EVAL SETA 1" --predefine="__UVISION_VERSION SETA 529" --predefine="
_RTE_ SETA 1" --predefine="ARMCM3 SETA 1" --list=.\listings\assembly.lst Assemb
ly.s



ARM Macro Assembler    Page 1 Alphabetic symbol ordering
Relocatable symbols

Lab_02_Tyler_Hu 00000000

Symbol: Lab_02_Tyler_Hu
   Definitions
      At line 1 in file Assembly.s
   Uses
      None
Comment: Lab_02_Tyler_Hu unused
__main 00000000

Symbol: __main
   Definitions
      At line 4 in file Assembly.s
   Uses
      At line 2 in file Assembly.s
Comment: __main used once
2 symbols
336 symbols in table
