


ARM Macro Assembler    Page 1 


    1 00000000                 AREA             Lab_03_Tyler_Hu, CODE, READONLY
    2 00000000                 EXPORT           __main
    3 00000000         
    4 00000000         __main
    5 00000000         
    6 00000000 F04F 0005       MOV              R0, #5
    7 00000004 F04F 010A       MOV              R1, #10
    8 00000008         
    9 00000008         loopWithCMP
   10 00000008 280A            CMP              R0, #10
   11 0000000A BFD8 1C40       ADDLE            R0, R0, #1
   12 0000000E DDFB            BLE              loopWithCMP
   13 00000010         
   14 00000010         loopNoCMP
   15 00000010 1E49            SUBS             R1, R1, #1
   16 00000012 DCFD            BGT              loopNoCMP
   17 00000014         
   18 00000014 2800            CMP              R0, #0
   19 00000016 DB04            BLT              goToElse
   20 00000018 F04F 000A       MOV              R0, #10
   21 0000001C F04F 010A       MOV              R1, #10
   22 00000020 E003            B                goToConditionInstructions
   23 00000022         
   24 00000022         goToElse
   25 00000022 F04F 0014       MOV              R0, #20
   26 00000026 F04F 011E       MOV              R1, #30
   27 0000002A         
   28 0000002A         goToConditionInstructions
   29 0000002A 4602            MOV              R2, R0
   30 0000002C 460B            MOV              R3, R1
   31 0000002E 2A0A            CMP              R2, #10
   32 00000030 BF07 2205       MOVEQ            R2, #5
   33 00000034 2306            MOVEQ            R3, #6
   34 00000036 2202            MOVNE            R2, #2
   35 00000038 2303            MOVNE            R3, #3
   36 0000003A         
   37 0000003A E7FE    stop    B                stop
   38 0000003C         
   39 0000003C                 END
Command Line: --debug --xref --diag_suppress=9931 --cpu=Cortex-M3 --apcs=interw
ork --depend=.\objects\assembly.d -o.\objects\assembly.o -I.\RTE\_Target_1 -IC:
\Users\Tyler\AppData\Local\Arm\Packs\ARM\CMSIS\5.6.0\CMSIS\Core\Include -IC:\Us
ers\Tyler\AppData\Local\Arm\Packs\ARM\CMSIS\5.6.0\Device\ARM\ARMCM3\Include --p
redefine="__EVAL SETA 1" --predefine="__UVISION_VERSION SETA 529" --predefine="
_RTE_ SETA 1" --predefine="ARMCM3 SETA 1" --list=.\listings\assembly.lst Assemb
ly.s



ARM Macro Assembler    Page 1 Alphabetic symbol ordering
Relocatable symbols

Lab_03_Tyler_Hu 00000000

Symbol: Lab_03_Tyler_Hu
   Definitions
      At line 1 in file Assembly.s
   Uses
      None
Comment: Lab_03_Tyler_Hu unused
__main 00000000

Symbol: __main
   Definitions
      At line 4 in file Assembly.s
   Uses
      At line 2 in file Assembly.s
Comment: __main used once
goToConditionInstructions 0000002A

Symbol: goToConditionInstructions
   Definitions
      At line 28 in file Assembly.s
   Uses
      At line 22 in file Assembly.s
Comment: goToConditionInstructions used once
goToElse 00000022

Symbol: goToElse
   Definitions
      At line 24 in file Assembly.s
   Uses
      At line 19 in file Assembly.s
Comment: goToElse used once
loopNoCMP 00000010

Symbol: loopNoCMP
   Definitions
      At line 14 in file Assembly.s
   Uses
      At line 16 in file Assembly.s
Comment: loopNoCMP used once
loopWithCMP 00000008

Symbol: loopWithCMP
   Definitions
      At line 9 in file Assembly.s
   Uses
      At line 12 in file Assembly.s
Comment: loopWithCMP used once
stop 0000003A

Symbol: stop
   Definitions
      At line 37 in file Assembly.s
   Uses
      At line 37 in file Assembly.s
Comment: stop used once
7 symbols
341 symbols in table
